// Jest Snapshot v1, https://goo.gl/fbAQLP

exports[`RenderGoals renders a list of goals 1`] = `undefined`;
